# 使用G1 GC演练GCLogAnalysis的例子

修改程序的启动参数
```shell
java -XX:+PrintGC -XX:+PrintGCDateStamps -Xmx1g -Xms1g -XX:+UseG1GC GCLogAnalysis
```
然后查看相关的GC日志：
```shell
executing...
2021-09-26T23:24:46.996+0800: [GC pause (G1 Evacuation Pause) (young) 65M->21M(1024M), 0.0042190 secs]
2021-09-26T23:24:47.016+0800: [GC pause (G1 Evacuation Pause) (young) 77M->39M(1024M), 0.0054508 secs]
2021-09-26T23:24:47.036+0800: [GC pause (G1 Evacuation Pause) (young) 92M->57M(1024M), 0.0050708 secs]
2021-09-26T23:24:47.056+0800: [GC pause (G1 Evacuation Pause) (young) 133M->80M(1024M), 0.0056379 secs]
2021-09-26T23:24:47.106+0800: [GC pause (G1 Evacuation Pause) (young) 213M->120M(1024M), 0.0102403 secs]
2021-09-26T23:24:47.166+0800: [GC pause (G1 Evacuation Pause) (young) 252M->160M(1024M), 0.0126704 secs]
2021-09-26T23:24:47.246+0800: [GC pause (G1 Evacuation Pause) (young) 348M->215M(1024M), 0.0147052 secs]
2021-09-26T23:24:47.326+0800: [GC pause (G1 Evacuation Pause) (young) 422M->266M(1024M), 0.0165732 secs]
2021-09-26T23:24:47.426+0800: [GC pause (G1 Evacuation Pause) (young) 532M->335M(1024M), 0.0176692 secs]
2021-09-26T23:24:47.566+0800: [GC pause (G1 Humongous Allocation) (young) (initial-mark) 705M->419M(1024M), 0.0238797 secs]
2021-09-26T23:24:47.596+0800: [GC concurrent-root-region-scan-start]
2021-09-26T23:24:47.596+0800: [GC concurrent-root-region-scan-end, 0.0003324 secs]
2021-09-26T23:24:47.596+0800: [GC concurrent-mark-start]
2021-09-26T23:24:47.596+0800: [GC concurrent-mark-end, 0.0028267 secs]
2021-09-26T23:24:47.596+0800: [GC remark, 0.0038775 secs]
2021-09-26T23:24:47.596+0800: [GC cleanup 431M->422M(1024M), 0.0036528 secs]
2021-09-26T23:24:47.606+0800: [GC concurrent-cleanup-start]
2021-09-26T23:24:47.606+0800: [GC concurrent-cleanup-end, 0.0000280 secs]
2021-09-26T23:24:47.716+0800: [GC pause (G1 Evacuation Pause) (young) 751M->488M(1024M), 0.0257859 secs]
2021-09-26T23:24:47.746+0800: [GC pause (G1 Evacuation Pause) (mixed) 501M->405M(1024M), 0.0130350 secs]
2021-09-26T23:24:47.766+0800: [GC pause (G1 Humongous Allocation) (young) (initial-mark) 416M->407M(1024M), 0.0060846 secs]
2021-09-26T23:24:47.776+0800: [GC concurrent-root-region-scan-start]
2021-09-26T23:24:47.776+0800: [GC concurrent-root-region-scan-end, 0.0002082 secs]
2021-09-26T23:24:47.776+0800: [GC concurrent-mark-start]
2021-09-26T23:24:47.776+0800: [GC concurrent-mark-end, 0.0016950 secs]
2021-09-26T23:24:47.776+0800: [GC remark, 0.0045613 secs]
2021-09-26T23:24:47.776+0800: [GC cleanup 418M->414M(1024M), 0.0028823 secs]
2021-09-26T23:24:47.786+0800: [GC concurrent-cleanup-start]
2021-09-26T23:24:47.786+0800: [GC concurrent-cleanup-end, 0.0000230 secs]
2021-09-26T23:24:47.896+0800: [GC pause (G1 Evacuation Pause) (young)-- 833M->536M(1024M), 0.0193645 secs]
2021-09-26T23:24:47.916+0800: [GC pause (G1 Evacuation Pause) (mixed) 549M->494M(1024M), 0.0147937 secs]
2021-09-26T23:24:47.936+0800: [GC pause (G1 Humongous Allocation) (young) (initial-mark) 496M->495M(1024M), 0.0048159 secs]
2021-09-26T23:24:47.936+0800: [GC concurrent-root-region-scan-start]
2021-09-26T23:24:47.936+0800: [GC concurrent-root-region-scan-end, 0.0003315 secs]
2021-09-26T23:24:47.936+0800: [GC concurrent-mark-start]
2021-09-26T23:24:47.946+0800: [GC concurrent-mark-end, 0.0029418 secs]
2021-09-26T23:24:47.946+0800: [GC remark, 0.0030937 secs]
2021-09-26T23:24:47.956+0800: [GC cleanup 506M->497M(1024M), 0.0038298 secs]
2021-09-26T23:24:47.956+0800: [GC concurrent-cleanup-start]
2021-09-26T23:24:47.956+0800: [GC concurrent-cleanup-end, 0.0000496 secs]
Executed finish,The number of generate objects is:8542
```
## 分析过程
> 分析前先回忆G1GC的一些特点，比如说G1GC不再将堆划分为年轻代和老年代，二是将堆划分为多个可以存放对象的小块堆区域；G1GC还有一个很大的特点就是可以配置多个参数来将STW的时间和参数变成可预期的，这样对于使用者来说心里大致知道G1GC的可预见情况。
1. 由于G1GC的日志太复杂，这里使用-XX:PrintGC来简化G1GC的日志输出
2. 通过查看简化后的G1GC日志，可以看到G1GC暂停的时机有youngGC和混合GC
3. 通过前面10次的youngGC后，可以看到第11行GC日志，由于大对象分配失败，启动了G1GC的初始化标记
4. 后面进入并发阶段，下面就是G1GC并发的5个阶段，包括region根对象的扫描，次阶段标记所有从根区域可达的存活对象。
5. 下面进入并发标记，这个过程和CMS GC的并发标记很类似
6. 下面一行remark表示再次标记，和CMS GC类似，此阶段不是并发的阶段，为了准确标记出垃圾对象，G1垃圾收集器在这个阶段会短暂的停止应业务线程，也就是触发STW，停止并发更新信息的写入，处理其中少量的信息，并标记所有在并发标记开始时未被标记的存活对象。
7. 并发阶段的最后一步，清理（cleanup），最后这个清理阶段为即将到来的转移阶段做准备，所有不包括存活对象的小堆块在此阶段被回收了。有一部分是并发的，还有大部分存活率的计算，也是会触发一个短暂的STW。
8. 在上面G1GC的并发阶段完成后，进入最后一个步骤，转移暂停：混合模式（mixed），此阶段G1将执行一次混合收集（mixed collection），就是不只清理年轻代，还将一部分老年代区域也加入到回收集中。混合模式的转移暂停不一定紧跟并发标记阶段。比如，如果在老年代中可以并发地腾出很多的小堆块，就没有必要启动混合模式。
9. 因此，在并发标记与混合转移暂停之间，很可能会存在多次 young 模式的转移暂停。